apples                              1.80
  0.90 * 2.000
baguette                            3.90
  1.30 * 3

Total:                              5.70
